// Jest Snapshot v1, https://goo.gl/fbAQLP

exports[`should render correct text key 1`] = `
<Component
  textKey="mock"
/>
`;
